// Vitest Snapshot v1, https://vitest.dev/guide/snapshot.html

exports[`Cocoa gateway architecture > walks and reports the complete transitive closure with no unclassified callsites 1`] = `
[
  "../package.json",
  "RuntimeBufferLimits.ts",
  "atomicWrite.ts",
  "attachmentPaths.ts",
  "attachmentStore.ts",
  "auth/EnvironmentAuth.ts",
  "auth/EnvironmentAuthPolicy.ts",
  "auth/PairingGrantStore.ts",
  "auth/ServerSecretStore.ts",
  "auth/SessionStore.ts",
  "auth/dpop.ts",
  "auth/utils.ts",
  "background/BackgroundPolicy.ts",
  "background/HostPowerMonitor.ts",
  "checkpointing/CheckpointDiffQuery.ts",
  "checkpointing/CheckpointIds.ts",
  "checkpointing/Diffs.ts",
  "checkpointing/Errors.ts",
  "checkpointing/Utils.ts",
  "cloud/config.ts",
  "cloud/environmentKeys.ts",
  "cloud/pinnedRuntime.ts",
  "cloud/selfUpdate.ts",
  "cloud/serviceLauncherClient.ts",
  "cloud/servicePreflightProtocol.ts",
  "cloud/serviceProtocol.ts",
  "cocoa/CocoaGatewayPolicy.ts",
  "cocoa/CocoaGatewayRuntime.ts",
  "cocoa/CocoaGatewayRuntimeStubs.ts",
  "codexModelOptions.ts",
  "config.ts",
  "diagnostics/ProcessDiagnostics.ts",
  "diagnostics/ProcessResourceMonitor.ts",
  "diagnostics/TraceDiagnostics.ts",
  "environment/ServerEnvironment.ts",
  "environment/ServerEnvironmentLabel.ts",
  "gatewayManagedImageAttachments.ts",
  "imageMime.ts",
  "keybindings.ts",
  "mcp/McpInvocationContext.ts",
  "mcp/McpProviderSession.ts",
  "mcp/McpSessionRegistry.ts",
  "observability/Attributes.ts",
  "observability/Metrics.ts",
  "orchestration/Errors.ts",
  "orchestration/Layers/CheckpointCoordinator.ts",
  "orchestration/Layers/CheckpointRevertGate.ts",
  "orchestration/Layers/CheckpointRevertReactor.ts",
  "orchestration/Layers/OrchestrationEngine.ts",
  "orchestration/Layers/OrchestrationReactor.ts",
  "orchestration/Layers/PostTurnCheckpointReactor.ts",
  "orchestration/Layers/ProjectionPipeline.ts",
  "orchestration/Layers/ProjectionSnapshotQuery.ts",
  "orchestration/Layers/ProviderCommandReactor.ts",
  "orchestration/Layers/ProviderRuntimeIngestion.ts",
  "orchestration/Layers/RuntimeReceiptBus.ts",
  "orchestration/Layers/ThreadDeletionReactor.ts",
  "orchestration/Schemas.ts",
  "orchestration/Services/CheckpointCoordinator.ts",
  "orchestration/Services/CheckpointRevertGate.ts",
  "orchestration/Services/CheckpointRevertReactor.ts",
  "orchestration/Services/OrchestrationEngine.ts",
  "orchestration/Services/OrchestrationReactor.ts",
  "orchestration/Services/PostTurnCheckpointReactor.ts",
  "orchestration/Services/ProjectionPipeline.ts",
  "orchestration/Services/ProjectionSnapshotQuery.ts",
  "orchestration/Services/ProviderCommandReactor.ts",
  "orchestration/Services/ProviderRuntimeIngestion.ts",
  "orchestration/Services/RuntimeReceiptBus.ts",
  "orchestration/Services/ThreadDeletionReactor.ts",
  "orchestration/commandInvariants.ts",
  "orchestration/decider.ts",
  "orchestration/projector.ts",
  "orchestration/runtimeLayer.ts",
  "pathExpansion.ts",
  "persistence/AuthPairingLinks.ts",
  "persistence/AuthSessions.ts",
  "persistence/CocoaMigrations.ts",
  "persistence/CocoaMigrations/001_ProviderCheckpointOperations.ts",
  "persistence/CocoaMigrations/002_TurnDispatchJournal.ts",
  "persistence/CocoaMigrations/003_PostTurnCheckpointIntents.ts",
  "persistence/CocoaMigrations/004_CheckpointRevertSagas.ts",
  "persistence/CocoaMigrations/005_CheckpointRevertIntents.ts",
  "persistence/CocoaMigrations/006_CheckpointRevertIntentActiveThread.ts",
  "persistence/Errors.ts",
  "persistence/Layers/CheckpointRevertIntents.ts",
  "persistence/Layers/CheckpointRevertSagas.ts",
  "persistence/Layers/OrchestrationCommandReceipts.ts",
  "persistence/Layers/OrchestrationEventStore.ts",
  "persistence/Layers/PostTurnCheckpointIntents.ts",
  "persistence/Layers/ProjectionCheckpoints.ts",
  "persistence/Layers/ProjectionPendingApprovals.ts",
  "persistence/Layers/ProjectionProjects.ts",
  "persistence/Layers/ProjectionState.ts",
  "persistence/Layers/ProjectionThreadActivities.ts",
  "persistence/Layers/ProjectionThreadMessages.ts",
  "persistence/Layers/ProjectionThreadProposedPlans.ts",
  "persistence/Layers/ProjectionThreadSessions.ts",
  "persistence/Layers/ProjectionThreads.ts",
  "persistence/Layers/ProjectionTurns.ts",
  "persistence/Layers/ProviderCheckpointOperations.ts",
  "persistence/Layers/SqliteCore.ts",
  "persistence/Layers/TurnDispatchJournal.ts",
  "persistence/Migrations.ts",
  "persistence/Migrations/001_OrchestrationEvents.ts",
  "persistence/Migrations/002_OrchestrationCommandReceipts.ts",
  "persistence/Migrations/003_CheckpointDiffBlobs.ts",
  "persistence/Migrations/004_ProviderSessionRuntime.ts",
  "persistence/Migrations/005_Projections.ts",
  "persistence/Migrations/006_ProjectionThreadSessionRuntimeModeColumns.ts",
  "persistence/Migrations/007_ProjectionThreadMessageAttachments.ts",
  "persistence/Migrations/008_ProjectionThreadActivitySequence.ts",
  "persistence/Migrations/009_ProviderSessionRuntimeMode.ts",
  "persistence/Migrations/010_ProjectionThreadsRuntimeMode.ts",
  "persistence/Migrations/011_OrchestrationThreadCreatedRuntimeMode.ts",
  "persistence/Migrations/012_ProjectionThreadsInteractionMode.ts",
  "persistence/Migrations/013_ProjectionThreadProposedPlans.ts",
  "persistence/Migrations/014_ProjectionThreadProposedPlanImplementation.ts",
  "persistence/Migrations/015_ProjectionTurnsSourceProposedPlan.ts",
  "persistence/Migrations/016_CanonicalizeModelSelections.ts",
  "persistence/Migrations/017_ProjectionThreadsArchivedAt.ts",
  "persistence/Migrations/018_ProjectionThreadsArchivedAtIndex.ts",
  "persistence/Migrations/019_ProjectionSnapshotLookupIndexes.ts",
  "persistence/Migrations/020_AuthAccessManagement.ts",
  "persistence/Migrations/021_AuthSessionClientMetadata.ts",
  "persistence/Migrations/022_AuthSessionLastConnectedAt.ts",
  "persistence/Migrations/023_ProjectionThreadShellSummary.ts",
  "persistence/Migrations/024_BackfillProjectionThreadShellSummary.ts",
  "persistence/Migrations/025_CleanupInvalidProjectionPendingApprovals.ts",
  "persistence/Migrations/026_CanonicalizeModelSelectionOptions.ts",
  "persistence/Migrations/027_ProviderSessionRuntimeInstanceId.ts",
  "persistence/Migrations/028_ProjectionThreadSessionInstanceId.ts",
  "persistence/Migrations/029_ProjectionThreadDetailOrderingIndexes.ts",
  "persistence/Migrations/030_ProjectionThreadShellArchiveIndexes.ts",
  "persistence/Migrations/031_AuthAuthorizationScopes.ts",
  "persistence/Migrations/032_AuthPairingProofKeyThumbprint.ts",
  "persistence/Migrations/033_ProjectionThreadsSettled.ts",
  "persistence/Migrations/034_ProjectionThreadsSnoozed.ts",
  "persistence/Migrations/035_ProjectionThreadTitleRegeneration.ts",
  "persistence/NodeSqliteClient.ts",
  "persistence/ProviderSessionRuntime.ts",
  "persistence/Services/CheckpointRevertIntents.ts",
  "persistence/Services/CheckpointRevertSagas.ts",
  "persistence/Services/OrchestrationCommandReceipts.ts",
  "persistence/Services/OrchestrationEventStore.ts",
  "persistence/Services/PostTurnCheckpointIntents.ts",
  "persistence/Services/ProjectionCheckpoints.ts",
  "persistence/Services/ProjectionPendingApprovals.ts",
  "persistence/Services/ProjectionProjects.ts",
  "persistence/Services/ProjectionState.ts",
  "persistence/Services/ProjectionThreadActivities.ts",
  "persistence/Services/ProjectionThreadMessages.ts",
  "persistence/Services/ProjectionThreadProposedPlans.ts",
  "persistence/Services/ProjectionThreadSessions.ts",
  "persistence/Services/ProjectionThreads.ts",
  "persistence/Services/ProjectionTurns.ts",
  "persistence/Services/ProviderCheckpointOperations.ts",
  "persistence/Services/TurnDispatchJournal.ts",
  "preview/Manager.ts",
  "process/externalLauncher.ts",
  "processRunner.ts",
  "project/ProjectExecution.ts",
  "project/ProjectFaviconResolver.ts",
  "project/ProjectRepository.ts",
  "project/ProjectSetupScriptRunner.ts",
  "project/ProjectTerminal.ts",
  "project/ProjectWorkspace.ts",
  "project/RepositoryReadService.ts",
  "project/RepositoryStatusBroadcaster.ts",
  "project/T3ProjectFileLoader.ts",
  "provider/CodexDeveloperInstructions.ts",
  "provider/Drivers/CodexDriver.ts",
  "provider/Drivers/CodexHomeLayout.ts",
  "provider/Errors.ts",
  "provider/Layers/CocoaProviderInstanceRegistryHydration.ts",
  "provider/Layers/CodexAdapter.ts",
  "provider/Layers/CodexProvider.ts",
  "provider/Layers/CodexSessionRuntime.ts",
  "provider/Layers/EventNdjsonLogger.ts",
  "provider/Layers/ProviderAdapterRegistry.ts",
  "provider/Layers/ProviderEventLoggers.ts",
  "provider/Layers/ProviderGenerationRecoveryReactor.ts",
  "provider/Layers/ProviderInstanceRegistryLive.ts",
  "provider/Layers/ProviderRegistry.ts",
  "provider/Layers/ProviderService.ts",
  "provider/Layers/ProviderSessionDirectory.ts",
  "provider/Layers/ProviderSessionReaper.ts",
  "provider/Layers/codexLaunchArgs.ts",
  "provider/ProviderDriver.ts",
  "provider/ProviderExecutionAdapter.ts",
  "provider/ProviderFilesystemBrowse.ts",
  "provider/ProviderInstanceEnvironment.ts",
  "provider/ProviderTerminalAdapter.ts",
  "provider/ProviderTurnSequenceDigest.ts",
  "provider/ProviderVcsAdapter.ts",
  "provider/ProviderWorkspaceAdapter.ts",
  "provider/Services/CodexAdapter.ts",
  "provider/Services/ProviderAdapter.ts",
  "provider/Services/ProviderAdapterRegistry.ts",
  "provider/Services/ProviderGenerationRecoveryReactor.ts",
  "provider/Services/ProviderInstanceRegistry.ts",
  "provider/Services/ProviderInstanceRegistryMutator.ts",
  "provider/Services/ProviderRegistry.ts",
  "provider/Services/ProviderService.ts",
  "provider/Services/ProviderSessionDirectory.ts",
  "provider/Services/ProviderSessionReaper.ts",
  "provider/Services/ServerProvider.ts",
  "provider/builtInProviderCatalog.ts",
  "provider/cocoaGatewayDrivers.ts",
  "provider/codexEndpoint/CodexEndpointConnection.ts",
  "provider/codexEndpoint/CodexEndpointFactory.ts",
  "provider/codexEndpoint/CodexEndpointRouter.ts",
  "provider/codexEndpoint/CodexEndpointStructuredGeneration.ts",
  "provider/codexEndpoint/CodexEndpointSupervisor.ts",
  "provider/codexEndpoint/CodexExecutionAdapter.ts",
  "provider/codexEndpoint/DirectWebSocketConnector.ts",
  "provider/codexEndpoint/SshProxyConnector.ts",
  "provider/codexTerminal/CodexTerminalAdapter.ts",
  "provider/codexTerminal/CodexTerminalMultiplexer.ts",
  "provider/codexVcs/CodexCheckpointHelperAdapter.ts",
  "provider/codexVcs/CodexVcsAdapter.ts",
  "provider/codexWorkspace/CodexWorkspaceAdapter.ts",
  "provider/codexWorkspace/CodexWorkspaceInlinePython.ts",
  "provider/makeManagedServerProvider.ts",
  "provider/providerMaintenance.ts",
  "provider/providerSnapshot.ts",
  "provider/providerStatusCache.ts",
  "provider/providerUpdateSettings.ts",
  "provider/unavailableProviderSnapshot.ts",
  "relay/AgentAwarenessRelay.ts",
  "resourceTelemetry/DesktopTelemetryReceiver.ts",
  "resourceTelemetry/Model.ts",
  "resourceTelemetry/NativeTelemetryClient.ts",
  "resourceTelemetry/ResourceAttribution.ts",
  "resourceTelemetry/ResourceMonitorBinary.ts",
  "resourceTelemetry/ResourceTelemetry.ts",
  "resourceTelemetry/ResourceTelemetryHistory.ts",
  "serverActivation.ts",
  "serverLifecycleEvents.ts",
  "serverSettings.ts",
  "stream/collectUint8StreamText.ts",
  "telemetry/AnalyticsService.ts",
  "telemetry/Identify.ts",
  "terminal/Manager.ts",
  "terminal/ProviderManager.ts",
  "terminal/PtyAdapter.ts",
  "terminal/TerminalHistorySanitizer.ts",
  "textGeneration/CodexEndpointTextGeneration.ts",
  "textGeneration/CodexTextGeneration.ts",
  "textGeneration/TextGeneration.ts",
  "textGeneration/TextGenerationPolicy.ts",
  "textGeneration/TextGenerationPrompts.ts",
  "textGeneration/TextGenerationUtils.ts",
  "utils/subscribeBeforeSnapshot.ts",
  "workspace/WorkspacePaths.ts",
]
`;
